17:09:58 INFO  run runs/extreme-full-3.8M-d96h4 | device=cuda | params=229752 | d96/h4 budget 32 preset extreme-full budget_scale 1.000
17:10:59 INFO  step    100 | loss 3.6111 | cell 0.111 | grid 0.000 | stop 32.0 | 1.7 it/s
17:11:58 INFO  step    200 | loss 3.0840 | cell 0.155 | grid 0.000 | stop 32.0 | 1.7 it/s
17:12:58 INFO  step    300 | loss 2.8189 | cell 0.225 | grid 0.000 | stop 32.0 | 1.7 it/s
17:13:58 INFO  step    400 | loss 2.7723 | cell 0.229 | grid 0.000 | stop 32.0 | 1.7 it/s
17:14:58 INFO  step    500 | loss 2.7553 | cell 0.250 | grid 0.000 | stop 32.0 | 1.7 it/s
17:14:59 INFO  eval  step    500 | solved 0.0000 | finished 0.00 | passes 32.00
17:15:58 INFO  step    600 | loss 2.6481 | cell 0.303 | grid 0.000 | stop 32.0 | 1.7 it/s
17:16:58 INFO  step    700 | loss 2.4395 | cell 0.378 | grid 0.000 | stop 32.0 | 1.7 it/s
17:17:58 INFO  step    800 | loss 2.2550 | cell 0.438 | grid 0.000 | stop 32.0 | 1.7 it/s
17:18:58 INFO  step    900 | loss 2.1039 | cell 0.466 | grid 0.008 | stop 32.0 | 1.7 it/s
17:19:58 INFO  step   1000 | loss 2.0059 | cell 0.492 | grid 0.021 | stop 32.0 | 1.7 it/s
17:19:59 INFO  eval  step   1000 | solved 0.0190 | finished 0.00 | passes 32.00
17:20:59 INFO  step   1100 | loss 1.9615 | cell 0.509 | grid 0.025 | stop 32.0 | 1.7 it/s
17:21:59 INFO  step   1200 | loss 1.9541 | cell 0.507 | grid 0.020 | stop 32.0 | 1.7 it/s
17:22:59 INFO  step   1300 | loss 1.8906 | cell 0.530 | grid 0.020 | stop 32.0 | 1.7 it/s
17:23:58 INFO  step   1400 | loss 1.9004 | cell 0.512 | grid 0.027 | stop 31.9 | 1.7 it/s
17:24:58 INFO  step   1500 | loss 1.8774 | cell 0.524 | grid 0.027 | stop 32.0 | 1.7 it/s
17:24:59 INFO  eval  step   1500 | solved 0.0259 | finished 0.00 | passes 32.00
17:25:59 INFO  step   1600 | loss 1.8312 | cell 0.547 | grid 0.021 | stop 32.0 | 1.7 it/s
17:26:59 INFO  step   1700 | loss 1.8564 | cell 0.530 | grid 0.023 | stop 32.0 | 1.7 it/s
17:27:59 INFO  step   1800 | loss 1.8358 | cell 0.536 | grid 0.027 | stop 32.0 | 1.7 it/s
17:28:59 INFO  step   1900 | loss 1.8569 | cell 0.528 | grid 0.029 | stop 31.7 | 1.7 it/s
17:29:59 INFO  step   2000 | loss 1.8196 | cell 0.547 | grid 0.041 | stop 31.7 | 1.7 it/s
17:30:00 INFO  eval  step   2000 | solved 0.0425 | finished 0.02 | passes 31.58
17:31:02 INFO  step   2100 | loss 1.8221 | cell 0.541 | grid 0.035 | stop 31.7 | 1.7 it/s
17:32:26 INFO  step   2200 | loss 1.8094 | cell 0.557 | grid 0.064 | stop 31.6 | 1.6 it/s
17:34:06 INFO  step   2300 | loss 1.8061 | cell 0.550 | grid 0.055 | stop 31.7 | 1.6 it/s
17:35:49 INFO  step   2400 | loss 1.7544 | cell 0.565 | grid 0.076 | stop 31.4 | 1.5 it/s
17:37:38 INFO  step   2500 | loss 1.7583 | cell 0.567 | grid 0.092 | stop 31.3 | 1.5 it/s
17:37:41 INFO  eval  step   2500 | solved 0.0977 | finished 0.03 | passes 31.38
17:39:47 INFO  step   2600 | loss 1.7558 | cell 0.566 | grid 0.078 | stop 31.3 | 1.5 it/s
17:41:58 INFO  step   2700 | loss 1.7371 | cell 0.576 | grid 0.086 | stop 31.3 | 1.4 it/s
17:44:21 INFO  step   2800 | loss 1.7678 | cell 0.571 | grid 0.078 | stop 31.6 | 1.4 it/s
17:47:42 INFO  step   2900 | loss 1.7922 | cell 0.558 | grid 0.074 | stop 31.6 | 1.3 it/s
17:51:03 INFO  step   3000 | loss 1.8120 | cell 0.544 | grid 0.074 | stop 31.6 | 1.2 it/s
17:51:07 INFO  eval  step   3000 | solved 0.1196 | finished 0.03 | passes 31.37
17:54:27 INFO  step   3100 | loss 1.7498 | cell 0.578 | grid 0.104 | stop 31.5 | 1.2 it/s
17:57:46 INFO  step   3200 | loss 1.7156 | cell 0.584 | grid 0.125 | stop 31.2 | 1.1 it/s
18:00:47 INFO  step   3300 | loss 1.7828 | cell 0.565 | grid 0.080 | stop 31.6 | 1.1 it/s
18:03:30 INFO  step   3400 | loss 1.7594 | cell 0.573 | grid 0.096 | stop 31.5 | 1.1 it/s
18:06:12 INFO  step   3500 | loss 1.7622 | cell 0.577 | grid 0.104 | stop 31.7 | 1.0 it/s
18:06:16 INFO  eval  step   3500 | solved 0.1357 | finished 0.05 | passes 31.27
18:08:57 INFO  step   3600 | loss 1.7408 | cell 0.580 | grid 0.107 | stop 31.6 | 1.0 it/s
18:11:38 INFO  step   3700 | loss 1.7116 | cell 0.600 | grid 0.135 | stop 31.2 | 1.0 it/s
