17:31:32 INFO  run runs/extreme-full-3.8M-d96h4-nopos | device=cuda | params=219384 | d96/h4 budget 32 preset extreme-full budget_scale 1.000
17:32:47 INFO  step    100 | loss 3.6613 | cell 0.112 | grid 0.000 | stop 32.0 | 1.3 it/s
17:34:01 INFO  step    200 | loss 2.9842 | cell 0.146 | grid 0.000 | stop 32.0 | 1.3 it/s
17:35:15 INFO  step    300 | loss 2.8246 | cell 0.218 | grid 0.000 | stop 32.0 | 1.3 it/s
17:36:30 INFO  step    400 | loss 2.7808 | cell 0.234 | grid 0.000 | stop 32.0 | 1.3 it/s
17:37:54 INFO  step    500 | loss 2.7531 | cell 0.252 | grid 0.000 | stop 32.0 | 1.3 it/s
17:37:57 INFO  eval  step    500 | solved 0.0000 | finished 0.00 | passes 32.00
17:39:28 INFO  step    600 | loss 2.6555 | cell 0.299 | grid 0.000 | stop 32.0 | 1.3 it/s
17:41:04 INFO  step    700 | loss 2.6250 | cell 0.319 | grid 0.000 | stop 32.0 | 1.2 it/s
17:42:39 INFO  step    800 | loss 2.5361 | cell 0.343 | grid 0.000 | stop 32.0 | 1.2 it/s
17:44:30 INFO  step    900 | loss 2.4872 | cell 0.360 | grid 0.000 | stop 32.0 | 1.2 it/s
17:46:57 INFO  step   1000 | loss 2.3197 | cell 0.413 | grid 0.000 | stop 32.0 | 1.1 it/s
17:47:03 INFO  eval  step   1000 | solved 0.0000 | finished 0.00 | passes 32.00
17:49:29 INFO  step   1100 | loss 2.1636 | cell 0.460 | grid 0.004 | stop 32.0 | 1.0 it/s
17:51:54 INFO  step   1200 | loss 2.0457 | cell 0.484 | grid 0.016 | stop 32.0 | 1.0 it/s
17:54:20 INFO  step   1300 | loss 1.9753 | cell 0.500 | grid 0.027 | stop 32.0 | 1.0 it/s
17:56:46 INFO  step   1400 | loss 1.9713 | cell 0.495 | grid 0.016 | stop 32.0 | 0.9 it/s
17:59:12 INFO  step   1500 | loss 1.9188 | cell 0.521 | grid 0.023 | stop 32.0 | 0.9 it/s
17:59:18 INFO  eval  step   1500 | solved 0.0259 | finished 0.00 | passes 32.00
18:01:17 INFO  step   1600 | loss 1.8802 | cell 0.528 | grid 0.027 | stop 32.0 | 0.9 it/s
18:03:16 INFO  step   1700 | loss 1.8626 | cell 0.530 | grid 0.031 | stop 31.6 | 0.9 it/s
18:05:14 INFO  step   1800 | loss 1.8808 | cell 0.517 | grid 0.020 | stop 32.0 | 0.9 it/s
18:07:12 INFO  step   1900 | loss 1.8722 | cell 0.522 | grid 0.020 | stop 32.0 | 0.9 it/s
18:09:10 INFO  step   2000 | loss 1.8637 | cell 0.525 | grid 0.023 | stop 31.8 | 0.9 it/s
18:09:15 INFO  eval  step   2000 | solved 0.0293 | finished 0.02 | passes 31.70
18:11:12 INFO  step   2100 | loss 1.8357 | cell 0.540 | grid 0.031 | stop 31.8 | 0.9 it/s
18:13:09 INFO  step   2200 | loss 1.8054 | cell 0.547 | grid 0.031 | stop 31.9 | 0.9 it/s
18:15:08 INFO  step   2300 | loss 1.8365 | cell 0.529 | grid 0.039 | stop 32.0 | 0.9 it/s
18:17:06 INFO  step   2400 | loss 1.8606 | cell 0.531 | grid 0.020 | stop 32.0 | 0.9 it/s
18:19:04 INFO  step   2500 | loss 1.8456 | cell 0.533 | grid 0.051 | stop 31.5 | 0.9 it/s
18:19:09 INFO  eval  step   2500 | solved 0.0542 | finished 0.03 | passes 31.45
18:21:07 INFO  step   2600 | loss 1.7690 | cell 0.561 | grid 0.031 | stop 31.8 | 0.9 it/s
18:23:05 INFO  step   2700 | loss 1.7831 | cell 0.550 | grid 0.055 | stop 31.5 | 0.9 it/s
18:25:02 INFO  step   2800 | loss 1.8058 | cell 0.545 | grid 0.031 | stop 31.7 | 0.9 it/s
18:27:00 INFO  step   2900 | loss 1.8132 | cell 0.542 | grid 0.031 | stop 31.6 | 0.9 it/s
18:28:58 INFO  step   3000 | loss 1.7819 | cell 0.556 | grid 0.066 | stop 31.2 | 0.9 it/s
18:29:03 INFO  eval  step   3000 | solved 0.0679 | finished 0.03 | passes 31.40
18:31:01 INFO  step   3100 | loss 1.7491 | cell 0.559 | grid 0.062 | stop 31.0 | 0.9 it/s
18:33:01 INFO  step   3200 | loss 1.7277 | cell 0.583 | grid 0.043 | stop 31.7 | 0.9 it/s
18:34:59 INFO  step   3300 | loss 1.7760 | cell 0.562 | grid 0.070 | stop 31.4 | 0.9 it/s
18:36:57 INFO  step   3400 | loss 1.7913 | cell 0.559 | grid 0.055 | stop 31.7 | 0.9 it/s
18:38:55 INFO  step   3500 | loss 1.7423 | cell 0.562 | grid 0.070 | stop 31.2 | 0.9 it/s
18:39:00 INFO  eval  step   3500 | solved 0.0986 | finished 0.03 | passes 31.41
18:40:59 INFO  step   3600 | loss 1.7707 | cell 0.563 | grid 0.066 | stop 31.5 | 0.9 it/s
18:42:58 INFO  step   3700 | loss 1.7927 | cell 0.558 | grid 0.062 | stop 31.7 | 0.9 it/s
18:44:55 INFO  step   3800 | loss 1.8166 | cell 0.539 | grid 0.039 | stop 31.6 | 0.9 it/s
18:46:53 INFO  step   3900 | loss 1.7513 | cell 0.572 | grid 0.074 | stop 31.5 | 0.9 it/s
18:48:51 INFO  step   4000 | loss 1.7818 | cell 0.557 | grid 0.082 | stop 31.6 | 0.9 it/s
18:48:56 INFO  eval  step   4000 | solved 0.0981 | finished 0.03 | passes 31.38
18:50:55 INFO  step   4100 | loss 1.7488 | cell 0.575 | grid 0.082 | stop 31.5 | 0.9 it/s
18:52:53 INFO  step   4200 | loss 1.7835 | cell 0.549 | grid 0.074 | stop 31.3 | 0.9 it/s
18:54:52 INFO  step   4300 | loss 1.7071 | cell 0.590 | grid 0.102 | stop 31.3 | 0.9 it/s
18:56:50 INFO  step   4400 | loss 1.7664 | cell 0.565 | grid 0.094 | stop 31.6 | 0.9 it/s
18:58:48 INFO  step   4500 | loss 1.7966 | cell 0.561 | grid 0.059 | stop 31.7 | 0.9 it/s
18:58:53 INFO  eval  step   4500 | solved 0.1104 | finished 0.03 | passes 31.38
19:00:51 INFO  step   4600 | loss 1.7355 | cell 0.586 | grid 0.125 | stop 31.7 | 0.9 it/s
19:02:50 INFO  step   4700 | loss 1.7454 | cell 0.576 | grid 0.074 | stop 31.4 | 0.9 it/s
