[main 73426ce] logs: extreme-full-3.8M-d96h4 progress 2026-08-11T17:26:03Z
 4 files changed, 30 insertions(+)
 create mode 100644 logs/runs/extreme-full-3.8M-d96h4/best.pt
 create mode 100644 logs/runs/extreme-full-3.8M-d96h4/latest.pt
To github.com:Nichola-Roberts/public_universal_transformer.git
   d95a4cb..73426ce  main -> main
[main 5f6a65b] logs: progress 2026-08-11T17:43:22Z
 7 files changed, 30 insertions(+)
 rewrite logs/runs/extreme-full-3.8M-d96h4/best.pt (70%)
To github.com:Nichola-Roberts/public_universal_transformer.git
   f2bbcdd..5f6a65b  main -> main
[main 4dc66da] logs: progress 2026-08-11T17:53:25Z
 10 files changed, 25 insertions(+)
 create mode 100644 logs/runs/extreme-full-3.8M-d96h4-nopos/latest.pt
 rewrite logs/runs/extreme-full-3.8M-d96h4/best.pt (70%)
 create mode 100644 logs/runs/extreme-full-3.8M-d96h4/eval_breakdown.log
 rewrite logs/runs/extreme-full-3.8M-d96h4/latest.pt (70%)
To github.com:Nichola-Roberts/public_universal_transformer.git
   2a5c0e0..4dc66da  main -> main
[main 86d2302] logs: progress 2026-08-11T18:03:29Z
 8 files changed, 25 insertions(+)
 create mode 100644 logs/runs/extreme-full-3.8M-d96h4-nopos/best.pt
 create mode 100644 logs/runs/extreme-full-3.8M-d96h4-nopos/eval_breakdown.log
To github.com:Nichola-Roberts/public_universal_transformer.git
   cb48d32..86d2302  main -> main
[main 354da41] logs: progress 2026-08-11T18:13:32Z
 9 files changed, 28 insertions(+)
 rewrite logs/runs/extreme-full-3.8M-d96h4-nopos/best.pt (71%)
 rewrite logs/runs/extreme-full-3.8M-d96h4-nopos/latest.pt (71%)
 rewrite logs/runs/extreme-full-3.8M-d96h4/best.pt (70%)
To github.com:Nichola-Roberts/public_universal_transformer.git
   86d2302..354da41  main -> main
[main d7f52af] logs: progress 2026-08-11T18:23:36Z
 10 files changed, 30 insertions(+)
 create mode 100644 logs/runs/extreme-full-3.8M-d96h4-b64/latest.pt
 rewrite logs/runs/extreme-full-3.8M-d96h4-nopos/best.pt (71%)
 rewrite logs/runs/extreme-full-3.8M-d96h4/best.pt (70%)
 rewrite logs/runs/extreme-full-3.8M-d96h4/latest.pt (70%)
To github.com:Nichola-Roberts/public_universal_transformer.git
   354da41..d7f52af  main -> main
[main 225f974] logs: progress 2026-08-11T18:34:23Z
 10 files changed, 30 insertions(+)
 create mode 100644 logs/runs/extreme-full-3.8M-d96h4-b64/best.pt
 rewrite logs/runs/extreme-full-3.8M-d96h4-nopos/best.pt (71%)
 rewrite logs/runs/extreme-full-3.8M-d96h4-nopos/latest.pt (71%)
 rewrite logs/runs/extreme-full-3.8M-d96h4/best.pt (70%)
To github.com:Nichola-Roberts/public_universal_transformer.git
   d7f52af..225f974  main -> main
[main 0a9e24a] logs: progress 2026-08-11T18:44:28Z
 7 files changed, 26 insertions(+)
 rewrite logs/runs/extreme-full-3.8M-d96h4-nopos/best.pt (71%)
To github.com:Nichola-Roberts/public_universal_transformer.git
   225f974..0a9e24a  main -> main
[main 9aa1a98] logs: progress 2026-08-11T18:54:32Z
 11 files changed, 28 insertions(+)
 rewrite logs/runs/extreme-full-3.8M-d96h4-b64/best.pt (70%)
 rewrite logs/runs/extreme-full-3.8M-d96h4-b64/latest.pt (70%)
 rewrite logs/runs/extreme-full-3.8M-d96h4-nopos/latest.pt (72%)
 rewrite logs/runs/extreme-full-3.8M-d96h4/best.pt (70%)
 rewrite logs/runs/extreme-full-3.8M-d96h4/latest.pt (70%)
To github.com:Nichola-Roberts/public_universal_transformer.git
   0a9e24a..9aa1a98  main -> main
[main f017f92] logs: progress 2026-08-11T19:04:37Z
 8 files changed, 28 insertions(+)
 rewrite logs/runs/extreme-full-3.8M-d96h4-nopos/best.pt (71%)
 rewrite logs/runs/extreme-full-3.8M-d96h4/best.pt (70%)
To github.com:Nichola-Roberts/public_universal_transformer.git
   9aa1a98..f017f92  main -> main
[main a5e2ced] logs: progress 2026-08-11T19:14:41Z
 11 files changed, 30 insertions(+)
 rewrite logs/runs/extreme-full-3.8M-d96h4-b64/best.pt (70%)
 rewrite logs/runs/extreme-full-3.8M-d96h4-nopos/best.pt (71%)
 rewrite logs/runs/extreme-full-3.8M-d96h4-nopos/latest.pt (71%)
 rewrite logs/runs/extreme-full-3.8M-d96h4/best.pt (70%)
 rewrite logs/runs/extreme-full-3.8M-d96h4/latest.pt (70%)
To github.com:Nichola-Roberts/public_universal_transformer.git
   f017f92..a5e2ced  main -> main
[main 51d2709] logs: progress 2026-08-11T19:24:46Z
 7 files changed, 26 insertions(+)
 rewrite logs/runs/extreme-full-3.8M-d96h4-nopos/best.pt (71%)
To github.com:Nichola-Roberts/public_universal_transformer.git
   a5e2ced..51d2709  main -> main
[main 5bd1c27] logs: progress 2026-08-11T19:34:50Z
 10 files changed, 28 insertions(+)
 rewrite logs/runs/extreme-full-3.8M-d96h4-b64/best.pt (70%)
 rewrite logs/runs/extreme-full-3.8M-d96h4-b64/latest.pt (70%)
 rewrite logs/runs/extreme-full-3.8M-d96h4-nopos/best.pt (71%)
 rewrite logs/runs/extreme-full-3.8M-d96h4-nopos/latest.pt (71%)
To github.com:Nichola-Roberts/public_universal_transformer.git
   51d2709..5bd1c27  main -> main
[main 31d1c75] logs: progress 2026-08-11T19:44:55Z
 11 files changed, 54 insertions(+)
 rewrite logs/runs/extreme-full-3.8M-d96h4-b64/best.pt (70%)
 rewrite logs/runs/extreme-full-3.8M-d96h4/best.pt (70%)
 rewrite logs/runs/extreme-full-3.8M-d96h4/latest.pt (70%)
To github.com:Nichola-Roberts/public_universal_transformer.git
   5bd1c27..31d1c75  main -> main
[main 56afa86] logs: progress 2026-08-11T19:54:59Z
 9 files changed, 28 insertions(+)
 rewrite logs/runs/extreme-full-3.8M-d96h4-nopos/best.pt (71%)
 rewrite logs/runs/extreme-full-3.8M-d96h4-nopos/latest.pt (71%)
 rewrite logs/runs/extreme-full-3.8M-d96h4/best.pt (70%)
To github.com:Nichola-Roberts/public_universal_transformer.git
   31d1c75..56afa86  main -> main
[main db7ac7d] logs: progress 2026-08-11T20:05:03Z
 9 files changed, 28 insertions(+)
 rewrite logs/runs/extreme-full-3.8M-d96h4-b64/best.pt (70%)
 rewrite logs/runs/extreme-full-3.8M-d96h4-b64/latest.pt (70%)
 rewrite logs/runs/extreme-full-3.8M-d96h4-nopos/best.pt (71%)
To github.com:Nichola-Roberts/public_universal_transformer.git
   56afa86..db7ac7d  main -> main
[main 7b63439] logs: progress 2026-08-11T20:15:07Z
 10 files changed, 26 insertions(+)
 rewrite logs/runs/extreme-full-3.8M-d96h4-nopos/best.pt (71%)
 rewrite logs/runs/extreme-full-3.8M-d96h4-nopos/latest.pt (71%)
 rewrite logs/runs/extreme-full-3.8M-d96h4/best.pt (70%)
 rewrite logs/runs/extreme-full-3.8M-d96h4/latest.pt (70%)
To github.com:Nichola-Roberts/public_universal_transformer.git
   db7ac7d..7b63439  main -> main
[main 48c4834] logs: progress 2026-08-11T20:25:12Z
 7 files changed, 30 insertions(+)
 rewrite logs/runs/extreme-full-3.8M-d96h4-nopos/best.pt (71%)
To github.com:Nichola-Roberts/public_universal_transformer.git
   7b63439..48c4834  main -> main
[main 416ffc2] logs: progress 2026-08-11T20:35:15Z
 11 files changed, 30 insertions(+)
 rewrite logs/runs/extreme-full-3.8M-d96h4-b64/best.pt (70%)
 rewrite logs/runs/extreme-full-3.8M-d96h4-b64/latest.pt (70%)
 rewrite logs/runs/extreme-full-3.8M-d96h4-nopos/best.pt (71%)
 rewrite logs/runs/extreme-full-3.8M-d96h4-nopos/latest.pt (71%)
 rewrite logs/runs/extreme-full-3.8M-d96h4/latest.pt (70%)
To github.com:Nichola-Roberts/public_universal_transformer.git
   48c4834..416ffc2  main -> main
[main 99f520a] logs: progress 2026-08-11T20:45:20Z
 9 files changed, 49 insertions(+)
 create mode 100644 logs/runs/extreme-full-3.8M-d96h4-b64/eval_breakdown.log
 rewrite logs/runs/extreme-full-3.8M-d96h4-nopos/best.pt (71%)
To github.com:Nichola-Roberts/public_universal_transformer.git
   1e387cc..99f520a  main -> main
[main 8417026] logs: progress 2026-08-11T20:55:23Z
 11 files changed, 123 insertions(+), 26 deletions(-)
 rewrite logs/runs/extreme-full-3.8M-d96h4-b64/best.pt (70%)
 rewrite logs/runs/extreme-full-3.8M-d96h4-b64/eval_breakdown.log (100%)
 rewrite logs/runs/extreme-full-3.8M-d96h4-nopos/eval_breakdown.log (100%)
 rewrite logs/runs/extreme-full-3.8M-d96h4-nopos/latest.pt (71%)
 rewrite logs/runs/extreme-full-3.8M-d96h4/eval_breakdown.log (100%)
To github.com:Nichola-Roberts/public_universal_transformer.git
   99f520a..8417026  main -> main
[main d7ae969] logs: progress 2026-08-11T21:05:27Z
 10 files changed, 148 insertions(+)
 rewrite logs/runs/extreme-full-3.8M-d96h4-nopos/best.pt (71%)
 rewrite logs/runs/extreme-full-3.8M-d96h4/best.pt (70%)
 rewrite logs/runs/extreme-full-3.8M-d96h4/latest.pt (70%)
To github.com:Nichola-Roberts/public_universal_transformer.git
   8417026..d7ae969  main -> main
[main 1c99a81] logs: progress 2026-08-11T21:15:32Z
 12 files changed, 122 insertions(+), 22 deletions(-)
 rewrite logs/runs/extreme-full-3.8M-d96h4-b64/best.pt (70%)
 rewrite logs/runs/extreme-full-3.8M-d96h4-b64/latest.pt (70%)
 rewrite logs/runs/extreme-full-3.8M-d96h4-nopos/best.pt (71%)
 rewrite logs/runs/extreme-full-3.8M-d96h4-nopos/eval_breakdown.log (81%)
 rewrite logs/runs/extreme-full-3.8M-d96h4-nopos/latest.pt (71%)
To github.com:Nichola-Roberts/public_universal_transformer.git
   d7ae969..1c99a81  main -> main
[main e0ac650] logs: progress 2026-08-11T21:25:36Z
 9 files changed, 150 insertions(+)
 rewrite logs/runs/extreme-full-3.8M-d96h4-nopos/best.pt (71%)
 rewrite logs/runs/extreme-full-3.8M-d96h4/best.pt (70%)
To github.com:Nichola-Roberts/public_universal_transformer.git
   1c99a81..e0ac650  main -> main
[main 12261f4] logs: progress 2026-08-11T21:35:40Z
 11 files changed, 150 insertions(+)
 rewrite logs/runs/extreme-full-3.8M-d96h4-b64/best.pt (71%)
 rewrite logs/runs/extreme-full-3.8M-d96h4-nopos/latest.pt (71%)
 rewrite logs/runs/extreme-full-3.8M-d96h4/latest.pt (70%)
To github.com:Nichola-Roberts/public_universal_transformer.git
   e0ac650..12261f4  main -> main
[main d8fc7e8] logs: progress 2026-08-11T21:45:45Z
 11 files changed, 101 insertions(+)
 rewrite logs/runs/extreme-full-3.8M-d96h4-b64/best.pt (70%)
 rewrite logs/runs/extreme-full-3.8M-d96h4-b64/latest.pt (71%)
 rewrite logs/runs/extreme-full-3.8M-d96h4-nopos/best.pt (71%)
 rewrite logs/runs/extreme-full-3.8M-d96h4/best.pt (70%)
To github.com:Nichola-Roberts/public_universal_transformer.git
   12261f4..d8fc7e8  main -> main
[main 440fcae] logs: progress 2026-08-11T21:55:50Z
 9 files changed, 38 insertions(+)
 rewrite logs/runs/extreme-full-3.8M-d96h4-nopos/best.pt (71%)
 rewrite logs/runs/extreme-full-3.8M-d96h4-nopos/latest.pt (71%)
 rewrite logs/runs/extreme-full-3.8M-d96h4/latest.pt (70%)
To github.com:Nichola-Roberts/public_universal_transformer.git
   d8fc7e8..440fcae  main -> main
[main 40ccaa7] logs: progress 2026-08-11T22:05:55Z
 9 files changed, 32 insertions(+)
 rewrite logs/runs/extreme-full-3.8M-d96h4-nopos/best.pt (71%)
 rewrite logs/runs/extreme-full-3.8M-d96h4-nopos/latest.pt (71%)
 rewrite logs/runs/extreme-full-3.8M-d96h4/best.pt (71%)
To github.com:Nichola-Roberts/public_universal_transformer.git
   440fcae..40ccaa7  main -> main
[main f0a6c6a] logs: progress 2026-08-11T22:15:59Z
 12 files changed, 119 insertions(+)
 rewrite logs/runs/extreme-full-3.8M-d96h4-b64/best.pt (70%)
 rewrite logs/runs/extreme-full-3.8M-d96h4-b64/latest.pt (70%)
 rewrite logs/runs/extreme-full-3.8M-d96h4-nopos/best.pt (71%)
To github.com:Nichola-Roberts/public_universal_transformer.git
   4f09d36..f0a6c6a  main -> main
[main e1ca89c] logs: progress 2026-08-11T22:26:03Z
 12 files changed, 124 insertions(+)
 rewrite logs/runs/extreme-full-3.8M-d96h4-nopos/best.pt (72%)
 rewrite logs/runs/extreme-full-3.8M-d96h4-nopos/latest.pt (71%)
 rewrite logs/runs/extreme-full-3.8M-d96h4/latest.pt (70%)
To github.com:Nichola-Roberts/public_universal_transformer.git
   f0a6c6a..e1ca89c  main -> main
[main 146863f] logs: progress 2026-08-11T22:36:07Z
 8 files changed, 54 insertions(+)
 rewrite logs/runs/extreme-full-3.8M-d96h4-b64/best.pt (70%)
 rewrite logs/runs/extreme-full-3.8M-d96h4/best.pt (70%)
 rewrite logs/runs/extreme-full-3.8M-d96h4/latest.pt (70%)
To github.com:Nichola-Roberts/public_universal_transformer.git
   e1ca89c..146863f  main -> main
[main ab06cb5] logs: progress 2026-08-11T22:46:12Z
 10 files changed, 119 insertions(+)
 rewrite logs/runs/extreme-full-3.8M-d96h4-b64/best.pt (70%)
 rewrite logs/runs/extreme-full-3.8M-d96h4-b64/latest.pt (70%)
 rewrite logs/runs/extreme-full-3.8M-d96h4/best.pt (71%)
To github.com:Nichola-Roberts/public_universal_transformer.git
   0f01e6e..ab06cb5  main -> main
[main 90a50fa] logs: progress 2026-08-11T22:56:16Z
 8 files changed, 50 insertions(+)
 rewrite logs/runs/extreme-full-3.8M-d96h4-b64/best.pt (70%)
 rewrite logs/runs/extreme-full-3.8M-d96h4/best.pt (70%)
 rewrite logs/runs/extreme-full-3.8M-d96h4/latest.pt (70%)
To github.com:Nichola-Roberts/public_universal_transformer.git
   ab06cb5..90a50fa  main -> main
[main 31b0857] logs: progress 2026-08-11T23:06:20Z
 7 files changed, 52 insertions(+)
 rewrite logs/runs/extreme-full-3.8M-d96h4-b64/best.pt (71%)
 rewrite logs/runs/extreme-full-3.8M-d96h4-b64/latest.pt (70%)
To github.com:Nichola-Roberts/public_universal_transformer.git
   90a50fa..31b0857  main -> main
[main d6f97b6] logs: progress 2026-08-11T23:16:23Z
 7 files changed, 50 insertions(+)
 rewrite logs/runs/extreme-full-3.8M-d96h4-b64/best.pt (70%)
 rewrite logs/runs/extreme-full-3.8M-d96h4/latest.pt (70%)
To github.com:Nichola-Roberts/public_universal_transformer.git
   31b0857..d6f97b6  main -> main
[main 8c1b507] logs: progress 2026-08-11T23:26:27Z
 8 files changed, 53 insertions(+)
 rewrite logs/runs/extreme-full-3.8M-d96h4-b64/latest.pt (70%)
 rewrite logs/runs/extreme-full-3.8M-d96h4/latest.pt (70%)
To github.com:Nichola-Roberts/public_universal_transformer.git
   d6f97b6..8c1b507  main -> main
[main fd9edaa] logs: progress 2026-08-11T23:36:31Z
 7 files changed, 49 insertions(+)
 rewrite logs/runs/extreme-full-3.8M-d96h4-b64/best.pt (70%)
 rewrite logs/runs/extreme-full-3.8M-d96h4/best.pt (70%)
To github.com:Nichola-Roberts/public_universal_transformer.git
   8c1b507..fd9edaa  main -> main
[main 3d5973b] logs: progress 2026-08-11T23:46:35Z
 10 files changed, 53 insertions(+)
 rewrite logs/runs/extreme-full-3.8M-d96h4-b64/best.pt (70%)
 rewrite logs/runs/extreme-full-3.8M-d96h4-b64/latest.pt (70%)
 rewrite logs/runs/extreme-full-3.8M-d96h4/best.pt (70%)
 rewrite logs/runs/extreme-full-3.8M-d96h4/latest.pt (70%)
To github.com:Nichola-Roberts/public_universal_transformer.git
   fd9edaa..3d5973b  main -> main
[main fe1d75f] logs: progress 2026-08-11T23:56:40Z
 9 files changed, 73 insertions(+)
 rewrite logs/runs/extreme-full-3.8M-d96h4-b64/best.pt (70%)
 rewrite logs/runs/extreme-full-3.8M-d96h4/best.pt (70%)
 rewrite logs/runs/extreme-full-3.8M-d96h4/latest.pt (70%)
To github.com:Nichola-Roberts/public_universal_transformer.git
   3d5973b..fe1d75f  main -> main
[main 560b625] logs: progress 2026-08-12T00:06:44Z
 7 files changed, 28 insertions(+)
 rewrite logs/runs/extreme-full-3.8M-d96h4-b64/best.pt (71%)
 rewrite logs/runs/extreme-full-3.8M-d96h4-b64/latest.pt (70%)
 rewrite logs/runs/extreme-full-3.8M-d96h4/best.pt (70%)
To github.com:Nichola-Roberts/public_universal_transformer.git
   fe1d75f..560b625  main -> main
[main e7287bc] logs: progress 2026-08-12T00:16:48Z
 7 files changed, 70 insertions(+)
 rewrite logs/runs/extreme-full-3.8M-d96h4/latest.pt (70%)
To github.com:Nichola-Roberts/public_universal_transformer.git
   560b625..e7287bc  main -> main
[main a12c4d6] logs: progress 2026-08-12T00:26:51Z
 8 files changed, 54 insertions(+)
 rewrite logs/runs/extreme-full-3.8M-d96h4-b64/best.pt (70%)
 rewrite logs/runs/extreme-full-3.8M-d96h4/best.pt (70%)
 rewrite logs/runs/extreme-full-3.8M-d96h4/latest.pt (70%)
To github.com:Nichola-Roberts/public_universal_transformer.git
   e7287bc..a12c4d6  main -> main
[main 0200927] logs: progress 2026-08-12T00:36:55Z
 8 files changed, 48 insertions(+)
 rewrite logs/runs/extreme-full-3.8M-d96h4-b64/best.pt (70%)
 rewrite logs/runs/extreme-full-3.8M-d96h4-b64/latest.pt (70%)
 rewrite logs/runs/extreme-full-3.8M-d96h4/best.pt (70%)
To github.com:Nichola-Roberts/public_universal_transformer.git
   a12c4d6..0200927  main -> main
[main b49ca20] logs: progress 2026-08-12T00:47:00Z
 7 files changed, 52 insertions(+)
 rewrite logs/runs/extreme-full-3.8M-d96h4/best.pt (70%)
 rewrite logs/runs/extreme-full-3.8M-d96h4/latest.pt (70%)
To github.com:Nichola-Roberts/public_universal_transformer.git
   0200927..b49ca20  main -> main
[main db238cf] logs: progress 2026-08-12T00:57:03Z
 10 files changed, 53 insertions(+)
 rewrite logs/runs/extreme-full-3.8M-d96h4-b64/best.pt (70%)
 rewrite logs/runs/extreme-full-3.8M-d96h4-b64/latest.pt (70%)
 rewrite logs/runs/extreme-full-3.8M-d96h4/best.pt (70%)
 rewrite logs/runs/extreme-full-3.8M-d96h4/latest.pt (70%)
To github.com:Nichola-Roberts/public_universal_transformer.git
   b49ca20..db238cf  main -> main
[main ab51e3c] logs: progress 2026-08-12T01:07:08Z
 6 files changed, 49 insertions(+)
 rewrite logs/runs/extreme-full-3.8M-d96h4-b64/best.pt (70%)
To github.com:Nichola-Roberts/public_universal_transformer.git
   db238cf..ab51e3c  main -> main
[main cbd0b7c] logs: progress 2026-08-12T01:17:11Z
 10 files changed, 74 insertions(+)
 rewrite logs/runs/extreme-full-3.8M-d96h4-b64/best.pt (70%)
 rewrite logs/runs/extreme-full-3.8M-d96h4-b64/latest.pt (70%)
 rewrite logs/runs/extreme-full-3.8M-d96h4/best.pt (70%)
 rewrite logs/runs/extreme-full-3.8M-d96h4/latest.pt (70%)
To github.com:Nichola-Roberts/public_universal_transformer.git
   ab51e3c..cbd0b7c  main -> main
[main 7242619] logs: progress 2026-08-12T01:27:16Z
 8 files changed, 31 insertions(+)
 rewrite logs/runs/extreme-full-3.8M-d96h4-b64/best.pt (70%)
 rewrite logs/runs/extreme-full-3.8M-d96h4/best.pt (70%)
 rewrite logs/runs/extreme-full-3.8M-d96h4/latest.pt (70%)
To github.com:Nichola-Roberts/public_universal_transformer.git
   cbd0b7c..7242619  main -> main
[main a349a95] logs: progress 2026-08-12T01:37:20Z
 8 files changed, 73 insertions(+)
 rewrite logs/runs/extreme-full-3.8M-d96h4-b64/latest.pt (70%)
 rewrite logs/runs/extreme-full-3.8M-d96h4/best.pt (70%)
To github.com:Nichola-Roberts/public_universal_transformer.git
   7242619..a349a95  main -> main
[main f2bf186] logs: progress 2026-08-12T01:47:23Z
 7 files changed, 50 insertions(+)
 rewrite logs/runs/extreme-full-3.8M-d96h4-b64/best.pt (70%)
 rewrite logs/runs/extreme-full-3.8M-d96h4/latest.pt (71%)
To github.com:Nichola-Roberts/public_universal_transformer.git
   a349a95..f2bf186  main -> main
[main e8df14e] logs: progress 2026-08-12T01:57:27Z
 9 files changed, 54 insertions(+)
 rewrite logs/runs/extreme-full-3.8M-d96h4-b64/best.pt (70%)
 rewrite logs/runs/extreme-full-3.8M-d96h4-b64/latest.pt (70%)
 rewrite logs/runs/extreme-full-3.8M-d96h4/best.pt (70%)
 rewrite logs/runs/extreme-full-3.8M-d96h4/latest.pt (70%)
To github.com:Nichola-Roberts/public_universal_transformer.git
   f2bf186..e8df14e  main -> main
[main 78d8b89] logs: progress 2026-08-12T02:07:31Z
 6 files changed, 48 insertions(+)
 rewrite logs/runs/extreme-full-3.8M-d96h4-b64/best.pt (70%)
To github.com:Nichola-Roberts/public_universal_transformer.git
   e8df14e..78d8b89  main -> main
[main 2afddbc] logs: progress 2026-08-12T02:17:34Z
 8 files changed, 51 insertions(+)
 rewrite logs/runs/extreme-full-3.8M-d96h4-b64/latest.pt (70%)
 rewrite logs/runs/extreme-full-3.8M-d96h4/latest.pt (70%)
To github.com:Nichola-Roberts/public_universal_transformer.git
   78d8b89..2afddbc  main -> main
[main f1bb3cf] logs: progress 2026-08-12T02:27:38Z
 6 files changed, 51 insertions(+)
 rewrite logs/runs/extreme-full-3.8M-d96h4/best.pt (70%)
To github.com:Nichola-Roberts/public_universal_transformer.git
   2afddbc..f1bb3cf  main -> main
[main 46d043b] logs: progress 2026-08-12T02:37:41Z
 8 files changed, 52 insertions(+)
 rewrite logs/runs/extreme-full-3.8M-d96h4-b64/latest.pt (70%)
 rewrite logs/runs/extreme-full-3.8M-d96h4/best.pt (70%)
 rewrite logs/runs/extreme-full-3.8M-d96h4/latest.pt (70%)
To github.com:Nichola-Roberts/public_universal_transformer.git
   f1bb3cf..46d043b  main -> main
[main ef2c553] logs: progress 2026-08-12T02:47:46Z
 7 files changed, 72 insertions(+)
 rewrite logs/runs/extreme-full-3.8M-d96h4/latest.pt (70%)
To github.com:Nichola-Roberts/public_universal_transformer.git
   46d043b..ef2c553  main -> main
[main 1277c5f] logs: progress 2026-08-12T02:57:48Z
 5 files changed, 26 insertions(+)
 rewrite logs/runs/extreme-full-3.8M-d96h4/best.pt (70%)
To github.com:Nichola-Roberts/public_universal_transformer.git
   ef2c553..1277c5f  main -> main
[main 43ec3d9] logs: progress 2026-08-12T03:07:52Z
 9 files changed, 78 insertions(+)
 rewrite logs/runs/extreme-full-3.8M-d96h4-b64/best.pt (70%)
 rewrite logs/runs/extreme-full-3.8M-d96h4-b64/latest.pt (70%)
 rewrite logs/runs/extreme-full-3.8M-d96h4/latest.pt (70%)
To github.com:Nichola-Roberts/public_universal_transformer.git
   1277c5f..43ec3d9  main -> main
[main 6873f9e] logs: progress 2026-08-12T03:17:56Z
 6 files changed, 48 insertions(+)
 rewrite logs/runs/extreme-full-3.8M-d96h4/latest.pt (70%)
To github.com:Nichola-Roberts/public_universal_transformer.git
   43ec3d9..6873f9e  main -> main
[main ff634ae] logs: progress 2026-08-12T03:27:59Z
 7 files changed, 52 insertions(+)
 rewrite logs/runs/extreme-full-3.8M-d96h4-b64/best.pt (70%)
 rewrite logs/runs/extreme-full-3.8M-d96h4-b64/latest.pt (70%)
To github.com:Nichola-Roberts/public_universal_transformer.git
   6873f9e..ff634ae  main -> main
[main 074a905] logs: progress 2026-08-12T03:38:02Z
 6 files changed, 50 insertions(+)
 rewrite logs/runs/extreme-full-3.8M-d96h4/latest.pt (70%)
To github.com:Nichola-Roberts/public_universal_transformer.git
   ff634ae..074a905  main -> main
[main c4feae9] logs: progress 2026-08-12T03:48:06Z
 9 files changed, 51 insertions(+)
 rewrite logs/runs/extreme-full-3.8M-d96h4-b64/latest.pt (70%)
 rewrite logs/runs/extreme-full-3.8M-d96h4/best.pt (71%)
 rewrite logs/runs/extreme-full-3.8M-d96h4/latest.pt (70%)
To github.com:Nichola-Roberts/public_universal_transformer.git
   074a905..c4feae9  main -> main
[main d855c75] logs: progress 2026-08-12T03:58:10Z
 5 files changed, 51 insertions(+)
To github.com:Nichola-Roberts/public_universal_transformer.git
   c4feae9..d855c75  main -> main
[main 748f631] logs: progress 2026-08-12T04:08:12Z
 8 files changed, 76 insertions(+)
 rewrite logs/runs/extreme-full-3.8M-d96h4-b64/latest.pt (70%)
 rewrite logs/runs/extreme-full-3.8M-d96h4/latest.pt (70%)
To github.com:Nichola-Roberts/public_universal_transformer.git
   d855c75..748f631  main -> main
[main d4d86a1] logs: progress 2026-08-12T04:18:16Z
 7 files changed, 27 insertions(+)
 rewrite logs/runs/extreme-full-3.8M-d96h4/best.pt (70%)
 rewrite logs/runs/extreme-full-3.8M-d96h4/latest.pt (70%)
To github.com:Nichola-Roberts/public_universal_transformer.git
   748f631..d4d86a1  main -> main
[main acd7621] logs: progress 2026-08-12T04:28:19Z
 9 files changed, 75 insertions(+)
 rewrite logs/runs/extreme-full-3.8M-d96h4-b64/best.pt (70%)
 rewrite logs/runs/extreme-full-3.8M-d96h4-b64/latest.pt (70%)
 rewrite logs/runs/extreme-full-3.8M-d96h4/best.pt (70%)
To github.com:Nichola-Roberts/public_universal_transformer.git
   d4d86a1..acd7621  main -> main
[main 1782c44] logs: progress 2026-08-12T04:38:23Z
 7 files changed, 50 insertions(+)
 rewrite logs/runs/extreme-full-3.8M-d96h4/best.pt (70%)
 rewrite logs/runs/extreme-full-3.8M-d96h4/latest.pt (70%)
To github.com:Nichola-Roberts/public_universal_transformer.git
   acd7621..1782c44  main -> main
[main c4fb7f2] logs: progress 2026-08-12T04:48:27Z
 9 files changed, 53 insertions(+)
 rewrite logs/runs/extreme-full-3.8M-d96h4-b64/latest.pt (70%)
 rewrite logs/runs/extreme-full-3.8M-d96h4/best.pt (70%)
 rewrite logs/runs/extreme-full-3.8M-d96h4/latest.pt (70%)
To github.com:Nichola-Roberts/public_universal_transformer.git
   1782c44..c4fb7f2  main -> main
[main 86873ea] logs: progress 2026-08-12T04:58:31Z
 6 files changed, 49 insertions(+)
 rewrite logs/runs/extreme-full-3.8M-d96h4/best.pt (70%)
To github.com:Nichola-Roberts/public_universal_transformer.git
   c4fb7f2..86873ea  main -> main
[main 14a7442] logs: progress 2026-08-12T05:08:34Z
 9 files changed, 53 insertions(+)
 rewrite logs/runs/extreme-full-3.8M-d96h4-b64/latest.pt (70%)
 rewrite logs/runs/extreme-full-3.8M-d96h4/best.pt (70%)
 rewrite logs/runs/extreme-full-3.8M-d96h4/latest.pt (70%)
To github.com:Nichola-Roberts/public_universal_transformer.git
   86873ea..14a7442  main -> main
[main 13a735d] logs: progress 2026-08-12T05:18:38Z
 5 files changed, 45 insertions(+)
To github.com:Nichola-Roberts/public_universal_transformer.git
   14a7442..13a735d  main -> main
[main 026dce4] logs: progress 2026-08-12T05:28:40Z
 6 files changed, 54 insertions(+)
 rewrite logs/runs/extreme-full-3.8M-d96h4/latest.pt (70%)
To github.com:Nichola-Roberts/public_universal_transformer.git
   13a735d..026dce4  main -> main
[main 9b8351f] logs: progress 2026-08-12T05:38:44Z
 8 files changed, 74 insertions(+)
 rewrite logs/runs/extreme-full-3.8M-d96h4-b64/latest.pt (70%)
 rewrite logs/runs/extreme-full-3.8M-d96h4/latest.pt (70%)
To github.com:Nichola-Roberts/public_universal_transformer.git
   026dce4..9b8351f  main -> main
[main 8022a32] logs: progress 2026-08-12T05:48:47Z
 5 files changed, 26 insertions(+)
 rewrite logs/runs/extreme-full-3.8M-d96h4-b64/best.pt (70%)
To github.com:Nichola-Roberts/public_universal_transformer.git
   9b8351f..8022a32  main -> main
[main 2cce850] logs: progress 2026-08-12T05:58:50Z
 9 files changed, 76 insertions(+)
 rewrite logs/runs/extreme-full-3.8M-d96h4-b64/latest.pt (70%)
 rewrite logs/runs/extreme-full-3.8M-d96h4/best.pt (70%)
 rewrite logs/runs/extreme-full-3.8M-d96h4/latest.pt (70%)
To github.com:Nichola-Roberts/public_universal_transformer.git
   8022a32..2cce850  main -> main
[main 834b89f] logs: progress 2026-08-12T06:08:55Z
 6 files changed, 52 insertions(+)
 rewrite logs/runs/extreme-full-3.8M-d96h4/latest.pt (71%)
To github.com:Nichola-Roberts/public_universal_transformer.git
   2cce850..834b89f  main -> main
[main 99df82c] logs: progress 2026-08-12T06:18:58Z
 7 files changed, 48 insertions(+)
 rewrite logs/runs/extreme-full-3.8M-d96h4-b64/latest.pt (70%)
 rewrite logs/runs/extreme-full-3.8M-d96h4/best.pt (70%)
To github.com:Nichola-Roberts/public_universal_transformer.git
   834b89f..99df82c  main -> main
[main 1e8a1ee] logs: progress 2026-08-12T06:29:02Z
 6 files changed, 54 insertions(+)
 rewrite logs/runs/extreme-full-3.8M-d96h4/latest.pt (71%)
To github.com:Nichola-Roberts/public_universal_transformer.git
   99df82c..1e8a1ee  main -> main
[main f7248de] logs: progress 2026-08-12T06:39:05Z
 8 files changed, 74 insertions(+)
 rewrite logs/runs/extreme-full-3.8M-d96h4-b64/latest.pt (70%)
 rewrite logs/runs/extreme-full-3.8M-d96h4/latest.pt (70%)
To github.com:Nichola-Roberts/public_universal_transformer.git
   1e8a1ee..f7248de  main -> main
[main a1f26fb] logs: progress 2026-08-12T06:49:09Z
 5 files changed, 28 insertions(+)
 rewrite logs/runs/extreme-full-3.8M-d96h4/best.pt (71%)
To github.com:Nichola-Roberts/public_universal_transformer.git
   f7248de..a1f26fb  main -> main
[main 34128a7] logs: progress 2026-08-12T06:59:12Z
 8 files changed, 76 insertions(+)
 rewrite logs/runs/extreme-full-3.8M-d96h4-b64/latest.pt (70%)
 rewrite logs/runs/extreme-full-3.8M-d96h4/latest.pt (70%)
To github.com:Nichola-Roberts/public_universal_transformer.git
   a1f26fb..34128a7  main -> main
[main 8c03086] logs: progress 2026-08-12T07:09:16Z
 6 files changed, 50 insertions(+)
 rewrite logs/runs/extreme-full-3.8M-d96h4/latest.pt (70%)
To github.com:Nichola-Roberts/public_universal_transformer.git
   34128a7..8c03086  main -> main
[main 0b2dfdb] logs: progress 2026-08-12T07:19:19Z
 7 files changed, 27 insertions(+)
 rewrite logs/runs/extreme-full-3.8M-d96h4-b64/latest.pt (70%)
 rewrite logs/runs/extreme-full-3.8M-d96h4/best.pt (70%)
To github.com:Nichola-Roberts/public_universal_transformer.git
   8c03086..0b2dfdb  main -> main
[main 8a8d36f] logs: progress 2026-08-12T07:29:23Z
 7 files changed, 73 insertions(+)
 rewrite logs/runs/extreme-full-3.8M-d96h4/latest.pt (70%)
To github.com:Nichola-Roberts/public_universal_transformer.git
   0b2dfdb..8a8d36f  main -> main
[main de17f56] logs: progress 2026-08-12T07:39:26Z
 7 files changed, 54 insertions(+)
 rewrite logs/runs/extreme-full-3.8M-d96h4/latest.pt (70%)
To github.com:Nichola-Roberts/public_universal_transformer.git
   8a8d36f..de17f56  main -> main
[main 3804c07] logs: progress 2026-08-12T07:49:29Z
 5 files changed, 50 insertions(+)
To github.com:Nichola-Roberts/public_universal_transformer.git
   de17f56..3804c07  main -> main
[main 93ceadf] logs: progress 2026-08-12T07:59:31Z
 6 files changed, 50 insertions(+)
 rewrite logs/runs/extreme-full-3.8M-d96h4/latest.pt (70%)
To github.com:Nichola-Roberts/public_universal_transformer.git
   3804c07..93ceadf  main -> main
[main bc93184] logs: progress 2026-08-12T08:09:35Z
 9 files changed, 51 insertions(+)
 rewrite logs/runs/extreme-full-3.8M-d96h4/best.pt (70%)
 rewrite logs/runs/extreme-full-3.8M-d96h4/latest.pt (70%)
To github.com:Nichola-Roberts/public_universal_transformer.git
   93ceadf..bc93184  main -> main
[main f907334] logs: progress 2026-08-12T08:19:39Z
 6 files changed, 51 insertions(+)
 rewrite logs/runs/extreme-full-3.8M-d96h4/best.pt (70%)
To github.com:Nichola-Roberts/public_universal_transformer.git
   bc93184..f907334  main -> main
[main 838da81] logs: progress 2026-08-12T08:29:42Z
 2 files changed, 6 insertions(+)
To github.com:Nichola-Roberts/public_universal_transformer.git
   82c7f92..838da81  main -> main
[main 01e9fe7] logs: progress 2026-08-12T08:39:44Z
 2 files changed, 21 insertions(+)
To github.com:Nichola-Roberts/public_universal_transformer.git
   838da81..01e9fe7  main -> main
[main 018b8ba] logs: progress 2026-08-12T08:49:46Z
 4 files changed, 48 insertions(+)
 create mode 100644 logs/runs/extreme-full-1.6M-d256h8/eval_breakdown.log
 create mode 100644 logs/runs/extreme-full-1.6M-d256h8/latest.pt
To github.com:Nichola-Roberts/public_universal_transformer.git
   01e9fe7..018b8ba  main -> main
[main bf789f5] logs: progress 2026-08-12T08:59:52Z
 4 files changed, 48 insertions(+)
To github.com:Nichola-Roberts/public_universal_transformer.git
   018b8ba..bf789f5  main -> main
[main 8e55c4b] logs: progress 2026-08-12T09:09:59Z
 4 files changed, 25 insertions(+)
 rewrite logs/runs/extreme-full-1.6M-d256h8/latest.pt (99%)
To github.com:Nichola-Roberts/public_universal_transformer.git
   bf789f5..8e55c4b  main -> main
[main 59fa1eb] logs: progress 2026-08-12T09:20:01Z
 3 files changed, 41 insertions(+)
To github.com:Nichola-Roberts/public_universal_transformer.git
   8e55c4b..59fa1eb  main -> main
[main a465525] logs: progress 2026-08-12T09:30:03Z
 4 files changed, 48 insertions(+)
To github.com:Nichola-Roberts/public_universal_transformer.git
   59fa1eb..a465525  main -> main
[main 3a22f0d] logs: progress 2026-08-12T09:40:06Z
 4 files changed, 25 insertions(+)
To github.com:Nichola-Roberts/public_universal_transformer.git
   a465525..3a22f0d  main -> main
[main c2530cf] logs: progress 2026-08-12T09:50:09Z
 3 files changed, 44 insertions(+)
To github.com:Nichola-Roberts/public_universal_transformer.git
   3a22f0d..c2530cf  main -> main
[main 1427e3a] logs: progress 2026-08-12T10:00:11Z
 4 files changed, 45 insertions(+)
 rewrite logs/runs/extreme-full-1.6M-d256h8/latest.pt (68%)
To github.com:Nichola-Roberts/public_universal_transformer.git
   c2530cf..1427e3a  main -> main
[main f39021b] logs: progress 2026-08-12T10:10:13Z
 4 files changed, 25 insertions(+)
 rewrite logs/runs/extreme-full-1.6M-d256h8/latest.pt (68%)
To github.com:Nichola-Roberts/public_universal_transformer.git
   1427e3a..f39021b  main -> main
[main adbf67d] logs: progress 2026-08-12T10:20:16Z
 3 files changed, 44 insertions(+)
To github.com:Nichola-Roberts/public_universal_transformer.git
   f39021b..adbf67d  main -> main
[main de02985] logs: progress 2026-08-12T10:30:17Z
 4 files changed, 45 insertions(+)
 rewrite logs/runs/extreme-full-1.6M-d256h8/latest.pt (99%)
To github.com:Nichola-Roberts/public_universal_transformer.git
   adbf67d..de02985  main -> main
[main 82f16ec] logs: progress 2026-08-20T22:38:09Z
 7 files changed, 127 insertions(+)
To github.com:Nichola-Roberts/public_universal_transformer.git
   a734281..82f16ec  main -> main
[main 6c24f68] logs: progress 2026-08-20T22:48:13Z
 5 files changed, 40 insertions(+)
 create mode 100644 logs/extreme-full-1.6M-d256h8-v2/best.pt
To github.com:Nichola-Roberts/public_universal_transformer.git
   82f16ec..6c24f68  main -> main
[main 2d5eae6] logs: progress 2026-08-20T22:58:21Z
 5 files changed, 17 insertions(+)
To github.com:Nichola-Roberts/public_universal_transformer.git
   6c24f68..2d5eae6  main -> main
[main f19f03f] logs: progress 2026-08-20T23:08:29Z
 3 files changed, 37 insertions(+)
To github.com:Nichola-Roberts/public_universal_transformer.git
   2d5eae6..f19f03f  main -> main
[main 3f455c5] logs: progress 2026-08-20T23:18:33Z
 5 files changed, 38 insertions(+)
To github.com:Nichola-Roberts/public_universal_transformer.git
   f19f03f..3f455c5  main -> main
[main 1d26ec1] logs: progress 2026-08-20T23:28:42Z
 5 files changed, 17 insertions(+)
To github.com:Nichola-Roberts/public_universal_transformer.git
   3f455c5..1d26ec1  main -> main
[main 7fe62ea] logs: progress 2026-08-20T23:38:51Z
 3 files changed, 37 insertions(+)
To github.com:Nichola-Roberts/public_universal_transformer.git
   1d26ec1..7fe62ea  main -> main
[main 132acaa] logs: progress 2026-08-20T23:48:54Z
 5 files changed, 38 insertions(+)
To github.com:Nichola-Roberts/public_universal_transformer.git
   7fe62ea..132acaa  main -> main
[main 108f349] logs: progress 2026-08-20T23:59:04Z
 5 files changed, 17 insertions(+)
To github.com:Nichola-Roberts/public_universal_transformer.git
   132acaa..108f349  main -> main
[main d5dddb9] logs: progress 2026-08-21T00:09:12Z
 3 files changed, 37 insertions(+)
To github.com:Nichola-Roberts/public_universal_transformer.git
   108f349..d5dddb9  main -> main
[main eb5a568] logs: progress 2026-08-21T00:19:16Z
 5 files changed, 38 insertions(+)
To github.com:Nichola-Roberts/public_universal_transformer.git
   d5dddb9..eb5a568  main -> main
[main 7953335] logs: progress 2026-08-21T00:29:26Z
 5 files changed, 17 insertions(+)
To github.com:Nichola-Roberts/public_universal_transformer.git
   eb5a568..7953335  main -> main
[main 5d417fd] logs: progress 2026-08-21T00:39:34Z
 3 files changed, 37 insertions(+)
To github.com:Nichola-Roberts/public_universal_transformer.git
   7953335..5d417fd  main -> main
[main adcd225] logs: progress 2026-08-21T00:49:37Z
 5 files changed, 40 insertions(+)
To github.com:Nichola-Roberts/public_universal_transformer.git
   5d417fd..adcd225  main -> main
[main 39d282f] logs: progress 2026-08-21T00:59:47Z
 5 files changed, 15 insertions(+)
To github.com:Nichola-Roberts/public_universal_transformer.git
   adcd225..39d282f  main -> main
[main 659284a] logs: progress 2026-08-21T01:09:54Z
 3 files changed, 37 insertions(+)
To github.com:Nichola-Roberts/public_universal_transformer.git
   39d282f..659284a  main -> main
[main 8e3d3f9] logs: progress 2026-08-21T01:19:58Z
 5 files changed, 40 insertions(+)
To github.com:Nichola-Roberts/public_universal_transformer.git
   659284a..8e3d3f9  main -> main
[main d06888f] logs: progress 2026-08-21T01:30:09Z
 5 files changed, 15 insertions(+)
To github.com:Nichola-Roberts/public_universal_transformer.git
   8e3d3f9..d06888f  main -> main
[main b37d214] logs: progress 2026-08-21T01:40:17Z
 3 files changed, 37 insertions(+)
To github.com:Nichola-Roberts/public_universal_transformer.git
   d06888f..b37d214  main -> main
[main ea41fb5] logs: progress 2026-08-21T01:50:21Z
 5 files changed, 38 insertions(+)
To github.com:Nichola-Roberts/public_universal_transformer.git
   b37d214..ea41fb5  main -> main
[main 35a46d6] logs: progress 2026-08-21T02:00:30Z
 4 files changed, 17 insertions(+)
To github.com:Nichola-Roberts/public_universal_transformer.git
   ea41fb5..35a46d6  main -> main
[main 47e8fdc] logs: progress 2026-08-21T02:10:36Z
 3 files changed, 37 insertions(+)
To github.com:Nichola-Roberts/public_universal_transformer.git
   35a46d6..47e8fdc  main -> main
[main 25f9320] logs: progress 2026-08-21T02:20:40Z
 5 files changed, 38 insertions(+)
To github.com:Nichola-Roberts/public_universal_transformer.git
   47e8fdc..25f9320  main -> main
[main 9b62e4d] logs: progress 2026-08-21T02:30:49Z
 4 files changed, 17 insertions(+)
To github.com:Nichola-Roberts/public_universal_transformer.git
   25f9320..9b62e4d  main -> main
[main eaa9257] logs: progress 2026-08-21T02:40:55Z
 3 files changed, 37 insertions(+)
To github.com:Nichola-Roberts/public_universal_transformer.git
   9b62e4d..eaa9257  main -> main
[main 927b171] logs: progress 2026-08-21T02:50:58Z
 5 files changed, 38 insertions(+)
To github.com:Nichola-Roberts/public_universal_transformer.git
   eaa9257..927b171  main -> main
[main 2970ea6] logs: progress 2026-08-21T03:01:08Z
 5 files changed, 17 insertions(+)
To github.com:Nichola-Roberts/public_universal_transformer.git
   927b171..2970ea6  main -> main
[main 9efe38e] logs: progress 2026-08-21T03:11:16Z
 3 files changed, 37 insertions(+)
To github.com:Nichola-Roberts/public_universal_transformer.git
   2970ea6..9efe38e  main -> main
[main fa3b69f] logs: progress 2026-08-21T03:21:19Z
 5 files changed, 38 insertions(+)
To github.com:Nichola-Roberts/public_universal_transformer.git
   9efe38e..fa3b69f  main -> main
[main 350f771] logs: progress 2026-08-21T03:31:28Z
 4 files changed, 17 insertions(+)
To github.com:Nichola-Roberts/public_universal_transformer.git
   fa3b69f..350f771  main -> main
[main b00c10c] logs: progress 2026-08-21T03:41:35Z
 3 files changed, 37 insertions(+)
To github.com:Nichola-Roberts/public_universal_transformer.git
   350f771..b00c10c  main -> main
[main 0d28927] logs: progress 2026-08-21T03:51:37Z
 4 files changed, 38 insertions(+)
To github.com:Nichola-Roberts/public_universal_transformer.git
   b00c10c..0d28927  main -> main
[main 04a03a1] logs: progress 2026-08-21T04:01:46Z
 5 files changed, 17 insertions(+)
To github.com:Nichola-Roberts/public_universal_transformer.git
   0d28927..04a03a1  main -> main
[main 047f55b] logs: progress 2026-08-21T04:11:53Z
 3 files changed, 37 insertions(+)
To github.com:Nichola-Roberts/public_universal_transformer.git
   04a03a1..047f55b  main -> main
[main e646996] logs: progress 2026-08-21T04:21:56Z
 4 files changed, 38 insertions(+)
To github.com:Nichola-Roberts/public_universal_transformer.git
   047f55b..e646996  main -> main
[main 96bb275] logs: progress 2026-08-21T04:32:04Z
 5 files changed, 17 insertions(+)
To github.com:Nichola-Roberts/public_universal_transformer.git
   e646996..96bb275  main -> main
[main 803687c] logs: progress 2026-08-21T04:42:11Z
 3 files changed, 37 insertions(+)
To github.com:Nichola-Roberts/public_universal_transformer.git
   96bb275..803687c  main -> main
[main dd4e11f] logs: progress 2026-08-21T04:52:14Z
 4 files changed, 40 insertions(+)
To github.com:Nichola-Roberts/public_universal_transformer.git
   803687c..dd4e11f  main -> main
[main 10a0857] logs: progress 2026-08-21T05:02:22Z
 5 files changed, 15 insertions(+)
To github.com:Nichola-Roberts/public_universal_transformer.git
   dd4e11f..10a0857  main -> main
[main b3e6f8a] logs: progress 2026-08-21T05:12:30Z
 3 files changed, 37 insertions(+)
To github.com:Nichola-Roberts/public_universal_transformer.git
   10a0857..b3e6f8a  main -> main
[main acf24ec] logs: progress 2026-08-21T05:22:33Z
 4 files changed, 40 insertions(+)
To github.com:Nichola-Roberts/public_universal_transformer.git
   b3e6f8a..acf24ec  main -> main
[main 27276ff] logs: progress 2026-08-21T05:32:40Z
 4 files changed, 17 insertions(+)
To github.com:Nichola-Roberts/public_universal_transformer.git
   acf24ec..27276ff  main -> main
[main 9e3f75c] logs: progress 2026-08-21T05:42:46Z
 3 files changed, 37 insertions(+)
To github.com:Nichola-Roberts/public_universal_transformer.git
   27276ff..9e3f75c  main -> main
[main c9a6925] logs: progress 2026-08-21T05:52:50Z
 5 files changed, 38 insertions(+)
To github.com:Nichola-Roberts/public_universal_transformer.git
   9e3f75c..c9a6925  main -> main
[main 473ffc8] logs: progress 2026-08-21T06:03:00Z
 5 files changed, 17 insertions(+)
To github.com:Nichola-Roberts/public_universal_transformer.git
   c9a6925..473ffc8  main -> main
[main a2fdedd] logs: progress 2026-08-21T06:13:08Z
 3 files changed, 37 insertions(+)
To github.com:Nichola-Roberts/public_universal_transformer.git
   473ffc8..a2fdedd  main -> main
[main 9bda58f] logs: progress 2026-08-21T06:23:10Z
 4 files changed, 38 insertions(+)
To github.com:Nichola-Roberts/public_universal_transformer.git
   a2fdedd..9bda58f  main -> main
[main 3153db9] logs: progress 2026-08-21T06:33:18Z
 5 files changed, 40 insertions(+)
To github.com:Nichola-Roberts/public_universal_transformer.git
   9bda58f..3153db9  main -> main
[main 3561242] logs: progress 2026-08-21T06:43:26Z
 2 files changed, 14 insertions(+)
To github.com:Nichola-Roberts/public_universal_transformer.git
   3153db9..3561242  main -> main
[main 352d733] logs: progress 2026-08-21T06:53:29Z
 4 files changed, 40 insertions(+)
To github.com:Nichola-Roberts/public_universal_transformer.git
   3561242..352d733  main -> main
[main a984c42] logs: progress 2026-08-21T07:03:37Z
 5 files changed, 38 insertions(+)
To github.com:Nichola-Roberts/public_universal_transformer.git
   352d733..a984c42  main -> main
[main 14bdebd] logs: progress 2026-08-21T07:13:45Z
 2 files changed, 14 insertions(+)
To github.com:Nichola-Roberts/public_universal_transformer.git
   a984c42..14bdebd  main -> main
[main 9ebaab9] logs: progress 2026-08-21T07:23:48Z
 4 files changed, 40 insertions(+)
To github.com:Nichola-Roberts/public_universal_transformer.git
   14bdebd..9ebaab9  main -> main
[main b472c6e] logs: progress 2026-08-21T07:33:55Z
 4 files changed, 38 insertions(+)
To github.com:Nichola-Roberts/public_universal_transformer.git
   9ebaab9..b472c6e  main -> main
[main 99a6906] logs: progress 2026-08-21T07:44:02Z
 2 files changed, 16 insertions(+)
To github.com:Nichola-Roberts/public_universal_transformer.git
   b472c6e..99a6906  main -> main
[main e5bf967] logs: progress 2026-08-21T07:54:05Z
 5 files changed, 38 insertions(+)
To github.com:Nichola-Roberts/public_universal_transformer.git
   99a6906..e5bf967  main -> main
[main 08604e3] logs: progress 2026-08-21T08:04:14Z
 4 files changed, 40 insertions(+)
To github.com:Nichola-Roberts/public_universal_transformer.git
   e5bf967..08604e3  main -> main
[main 3dff552] logs: progress 2026-08-21T08:15:00Z
 2 files changed, 14 insertions(+)
To github.com:Nichola-Roberts/public_universal_transformer.git
   08604e3..3dff552  main -> main
[main 80d49b8] logs: progress 2026-08-21T08:25:03Z
 4 files changed, 40 insertions(+)
To github.com:Nichola-Roberts/public_universal_transformer.git
   3dff552..80d49b8  main -> main
[main d9d08e9] logs: progress 2026-08-21T08:35:10Z
 4 files changed, 38 insertions(+)
To github.com:Nichola-Roberts/public_universal_transformer.git
   80d49b8..d9d08e9  main -> main
[main cd59312] logs: progress 2026-08-21T08:45:17Z
 2 files changed, 16 insertions(+)
To github.com:Nichola-Roberts/public_universal_transformer.git
   d9d08e9..cd59312  main -> main
[main 1f74d5d] logs: progress 2026-08-21T08:55:19Z
 4 files changed, 38 insertions(+)
To github.com:Nichola-Roberts/public_universal_transformer.git
   cd59312..1f74d5d  main -> main
[main e6cba4f] logs: progress 2026-08-21T09:05:28Z
 5 files changed, 40 insertions(+)
To github.com:Nichola-Roberts/public_universal_transformer.git
   1f74d5d..e6cba4f  main -> main
[main 2e7aab9] logs: progress 2026-08-21T09:15:37Z
 4 files changed, 17 insertions(+)
To github.com:Nichola-Roberts/public_universal_transformer.git
   e6cba4f..2e7aab9  main -> main
[main 3bc793d] logs: progress 2026-08-21T09:25:43Z
 3 files changed, 35 insertions(+)
To github.com:Nichola-Roberts/public_universal_transformer.git
   2e7aab9..3bc793d  main -> main
[main 2c9969c] logs: progress 2026-08-21T09:35:47Z
 5 files changed, 40 insertions(+)
To github.com:Nichola-Roberts/public_universal_transformer.git
   3bc793d..2c9969c  main -> main
[main 8b0f5f2] logs: progress 2026-08-21T09:45:57Z
 5 files changed, 17 insertions(+)
To github.com:Nichola-Roberts/public_universal_transformer.git
   2c9969c..8b0f5f2  main -> main
[main 05c3b16] logs: progress 2026-08-21T09:56:04Z
 3 files changed, 37 insertions(+)
To github.com:Nichola-Roberts/public_universal_transformer.git
   8b0f5f2..05c3b16  main -> main
[main 32691c7] logs: progress 2026-08-21T10:06:07Z
 4 files changed, 38 insertions(+)
To github.com:Nichola-Roberts/public_universal_transformer.git
   05c3b16..32691c7  main -> main
[main 16e399a] logs: progress 2026-08-21T10:16:15Z
 4 files changed, 17 insertions(+)
To github.com:Nichola-Roberts/public_universal_transformer.git
   32691c7..16e399a  main -> main
[main ef7cfd7] logs: progress 2026-08-21T10:26:21Z
 3 files changed, 35 insertions(+)
To github.com:Nichola-Roberts/public_universal_transformer.git
   16e399a..ef7cfd7  main -> main
[main 9e89768] logs: progress 2026-08-21T10:36:24Z
 4 files changed, 40 insertions(+)
To github.com:Nichola-Roberts/public_universal_transformer.git
   ef7cfd7..9e89768  main -> main
[main be34a7c] logs: progress 2026-08-21T10:46:31Z
 2 files changed, 6 insertions(+)
To github.com:Nichola-Roberts/public_universal_transformer.git
   9e89768..be34a7c  main -> main
[main 7ca58ff] logs: progress 2026-08-21T10:56:33Z
 2 files changed, 8 insertions(+)
To github.com:Nichola-Roberts/public_universal_transformer.git
   be34a7c..7ca58ff  main -> main
